127.0.0.1 - - [22/May/2017:09:23:00 +0200] "GET / HTTP/1.1" 404 998
0:0:0:0:0:0:0:1 - - [22/May/2017:09:25:16 +0200] "GET /Projet1 HTTP/1.1" 302 -
0:0:0:0:0:0:0:1 - - [22/May/2017:09:25:16 +0200] "GET /Projet1/ HTTP/1.1" 200 129
0:0:0:0:0:0:0:1 - - [22/May/2017:09:25:16 +0200] "GET /favicon.ico HTTP/1.1" 404 1009
127.0.0.1 - - [22/May/2017:09:34:14 +0200] "GET / HTTP/1.1" 404 998
127.0.0.1 - - [22/May/2017:09:40:38 +0200] "GET / HTTP/1.1" 404 998
0:0:0:0:0:0:0:1 - - [22/May/2017:09:40:54 +0200] "GET /Projet1/welcome/param1=val HTTP/1.1" 404 1024
0:0:0:0:0:0:0:1 - - [22/May/2017:09:41:09 +0200] "GET /Projet1/welcome/?param1=val HTTP/1.1" 404 1014
0:0:0:0:0:0:0:1 - - [22/May/2017:09:41:41 +0200] "GET /Projet1/welcome/?param1=val HTTP/1.1" 404 1014
0:0:0:0:0:0:0:1 - - [22/May/2017:09:41:45 +0200] "GET /Projet1/welcome?param1=val HTTP/1.1" 200 3
127.0.0.1 - - [22/May/2017:09:42:18 +0200] "GET / HTTP/1.1" 404 998
0:0:0:0:0:0:0:1 - - [22/May/2017:09:42:20 +0200] "GET /Projet1/welcome?param1=val HTTP/1.1" 200 14
0:0:0:0:0:0:0:1 - - [22/May/2017:10:32:29 +0200] "GET /Projet1/welcome?param1=11&param2=22&param3=33 HTTP/1.1" 200 14
127.0.0.1 - - [22/May/2017:10:32:42 +0200] "GET / HTTP/1.1" 404 998
0:0:0:0:0:0:0:1 - - [22/May/2017:10:32:46 +0200] "GET /Projet1/welcome?param1=11&param2=22&param3=33 HTTP/1.1" 200 14
127.0.0.1 - - [22/May/2017:10:32:59 +0200] "GET / HTTP/1.1" 404 998
0:0:0:0:0:0:0:1 - - [22/May/2017:10:33:06 +0200] "GET /Projet1/welcome?param1=11&param2=22&param3=33 HTTP/1.1" 200 121
127.0.0.1 - - [22/May/2017:10:34:10 +0200] "GET / HTTP/1.1" 404 998
0:0:0:0:0:0:0:1 - - [22/May/2017:10:34:14 +0200] "GET /Projet1/welcome?param1=11&param2=22&param3=33 HTTP/1.1" 200 135
127.0.0.1 - - [22/May/2017:10:50:10 +0200] "GET / HTTP/1.1" 404 998
0:0:0:0:0:0:0:1 - - [22/May/2017:10:50:28 +0200] "GET /Projet1/welcome?param1=11&param2=22&param3=33 HTTP/1.1" 200 280
0:0:0:0:0:0:0:1 - - [22/May/2017:11:02:58 +0200] "GET /Projet1/MyJSP1 HTTP/1.1" 404 1012
0:0:0:0:0:0:0:1 - - [22/May/2017:11:03:17 +0200] "GET /Projet1/MyJSP1.jsp HTTP/1.1" 200 281
0:0:0:0:0:0:0:1 - - [22/May/2017:11:22:50 +0200] "GET /Projet1/MyJSP1.jsp HTTP/1.1" 200 281
0:0:0:0:0:0:0:1 - - [22/May/2017:11:23:02 +0200] "GET /Projet1/Login HTTP/1.1" 404 1011
127.0.0.1 - - [22/May/2017:11:23:14 +0200] "GET / HTTP/1.1" 404 998
0:0:0:0:0:0:0:1 - - [22/May/2017:11:23:18 +0200] "GET /Projet1/Login HTTP/1.1" 200 20
0:0:0:0:0:0:0:1 - - [22/May/2017:11:25:08 +0200] "GET /Projet1/Login HTTP/1.1" 200 4
0:0:0:0:0:0:0:1 - - [22/May/2017:12:07:22 +0200] "GET /Projet1/PingPong HTTP/1.1" 404 1014
127.0.0.1 - - [22/May/2017:12:07:41 +0200] "GET / HTTP/1.1" 404 998
0:0:0:0:0:0:0:1 - - [22/May/2017:12:07:46 +0200] "GET /Projet1/PingPong HTTP/1.1" 200 20
0:0:0:0:0:0:0:1 - - [22/May/2017:12:07:48 +0200] "GET /Projet1/PingPong HTTP/1.1" 200 20
0:0:0:0:0:0:0:1 - - [22/May/2017:12:07:49 +0200] "GET /Projet1/PingPong HTTP/1.1" 200 20
0:0:0:0:0:0:0:1 - - [22/May/2017:12:07:52 +0200] "GET /Projet1/PingPong HTTP/1.1" 200 20
0:0:0:0:0:0:0:1 - - [22/May/2017:12:07:54 +0200] "GET /Projet1/PingPong HTTP/1.1" 200 20
127.0.0.1 - - [22/May/2017:13:42:23 +0200] "GET / HTTP/1.1" 404 998
127.0.0.1 - - [22/May/2017:16:11:43 +0200] "GET / HTTP/1.1" 404 998
0:0:0:0:0:0:0:1 - - [22/May/2017:16:12:46 +0200] "GET /JerseyProjet/rest HTTP/1.1" 404 1015
127.0.0.1 - - [22/May/2017:16:13:18 +0200] "GET / HTTP/1.1" 404 998
0:0:0:0:0:0:0:1 - - [22/May/2017:16:13:21 +0200] "GET /JerseyProjet/rest HTTP/1.1" 404 1015
0:0:0:0:0:0:0:1 - - [22/May/2017:16:14:01 +0200] "GET /JerseyProjet/rest/ HTTP/1.1" 404 1016
0:0:0:0:0:0:0:1 - - [22/May/2017:16:14:52 +0200] "GET /JerseyProjet/rest/hello/txt HTTP/1.1" 404 1025
127.0.0.1 - - [22/May/2017:16:21:00 +0200] "GET / HTTP/1.1" 404 998
0:0:0:0:0:0:0:1 - - [22/May/2017:16:21:04 +0200] "GET /JerseyProjet/rest/hello/txt HTTP/1.1" 404 1025
0:0:0:0:0:0:0:1 - - [22/May/2017:16:21:07 +0200] "GET /JerseyProjet/rest/hello/txt HTTP/1.1" 404 1025
0:0:0:0:0:0:0:1 - - [22/May/2017:16:21:58 +0200] "GET /JerseyProjet/rest/hello/txt HTTP/1.1" 404 1025
127.0.0.1 - - [22/May/2017:16:23:40 +0200] "GET / HTTP/1.1" 404 998
0:0:0:0:0:0:0:1 - - [22/May/2017:16:23:43 +0200] "GET /JerseyProjet/rest/hello/txt HTTP/1.1" 404 1025
0:0:0:0:0:0:0:1 - - [22/May/2017:16:23:45 +0200] "GET /JerseyProjet/rest/hello/txt HTTP/1.1" 404 1025
127.0.0.1 - - [22/May/2017:16:26:08 +0200] "GET / HTTP/1.1" 404 998
0:0:0:0:0:0:0:1 - - [22/May/2017:16:26:12 +0200] "GET /JerseyProjet/rest/hello/txt HTTP/1.1" 404 1025
0:0:0:0:0:0:0:1 - - [22/May/2017:16:26:14 +0200] "GET /JerseyProjet/rest/hello/txt HTTP/1.1" 404 1025
0:0:0:0:0:0:0:1 - - [22/May/2017:16:26:28 +0200] "GET /JerseyProjet/rest/hello/txt HTTP/1.1" 404 1025
127.0.0.1 - - [22/May/2017:16:26:35 +0200] "GET / HTTP/1.1" 404 998
0:0:0:0:0:0:0:1 - - [22/May/2017:16:26:38 +0200] "GET /JerseyProjet/rest/hello/txt HTTP/1.1" 404 1025
0:0:0:0:0:0:0:1 - - [22/May/2017:16:26:50 +0200] "GET /JerseyProjet/rest/hello/txt HTTP/1.1" 404 1025
127.0.0.1 - - [22/May/2017:16:26:59 +0200] "GET / HTTP/1.1" 404 998
127.0.0.1 - - [22/May/2017:16:27:12 +0200] "GET / HTTP/1.1" 404 998
0:0:0:0:0:0:0:1 - - [22/May/2017:16:27:14 +0200] "GET /JerseyProjet/rest/hello/txt HTTP/1.1" 404 1025
127.0.0.1 - - [22/May/2017:16:27:51 +0200] "GET / HTTP/1.1" 404 998
0:0:0:0:0:0:0:1 - - [22/May/2017:16:27:54 +0200] "GET /JerseyProjet/rest/hello/txt HTTP/1.1" 404 1025
127.0.0.1 - - [22/May/2017:16:29:53 +0200] "GET / HTTP/1.1" 404 998
0:0:0:0:0:0:0:1 - - [22/May/2017:16:29:54 +0200] "GET /JerseyProjet/rest/hello/txt HTTP/1.1" 404 1025
0:0:0:0:0:0:0:1 - - [22/May/2017:16:29:57 +0200] "GET /JerseyProjet/rest/hello/txt HTTP/1.1" 404 1025
127.0.0.1 - - [22/May/2017:16:31:08 +0200] "GET / HTTP/1.1" 404 998
0:0:0:0:0:0:0:1 - - [22/May/2017:16:31:09 +0200] "GET /JerseyProjet/rest/hello/txt HTTP/1.1" 404 1025
127.0.0.1 - - [22/May/2017:16:33:55 +0200] "GET / HTTP/1.1" 404 998
0:0:0:0:0:0:0:1 - - [22/May/2017:16:33:57 +0200] "GET /JerseyProjet/rest/hello/txt HTTP/1.1" 404 1025
0:0:0:0:0:0:0:1 - - [22/May/2017:16:33:59 +0200] "GET /JerseyProjet/rest/hello/txt HTTP/1.1" 404 1025
0:0:0:0:0:0:0:1 - - [22/May/2017:16:34:04 +0200] "GET /JerseyProjet/ HTTP/1.1" 404 1011
0:0:0:0:0:0:0:1 - - [22/May/2017:16:34:21 +0200] "GET /JerseyProjet/rest/hello/text HTTP/1.1" 404 1026
127.0.0.1 - - [22/May/2017:16:35:25 +0200] "GET / HTTP/1.1" 404 998
0:0:0:0:0:0:0:1 - - [22/May/2017:16:35:28 +0200] "GET /JerseyProjet/rest/hello/text HTTP/1.1" 404 1026
127.0.0.1 - - [22/May/2017:16:36:07 +0200] "GET / HTTP/1.1" 404 998
0:0:0:0:0:0:0:1 - - [22/May/2017:16:36:11 +0200] "GET /JerseyProjet/rest/hello/text HTTP/1.1" 404 1026
127.0.0.1 - - [22/May/2017:16:37:31 +0200] "GET / HTTP/1.1" 404 998
0:0:0:0:0:0:0:1 - - [22/May/2017:16:37:35 +0200] "GET /JerseyProjet/rest/hello/text HTTP/1.1" 404 1026
0:0:0:0:0:0:0:1 - - [22/May/2017:16:39:01 +0200] "GET /JerseyProjet/rest/hello/text HTTP/1.1" 404 1026
127.0.0.1 - - [22/May/2017:16:40:28 +0200] "GET / HTTP/1.1" 404 998
0:0:0:0:0:0:0:1 - - [22/May/2017:16:40:31 +0200] "GET /JerseyProjet/rest/hello/text HTTP/1.1" 404 1006
0:0:0:0:0:0:0:1 - - [22/May/2017:16:40:35 +0200] "GET /JerseyProjet/rest/hello/text HTTP/1.1" 404 1006
127.0.0.1 - - [22/May/2017:16:41:21 +0200] "GET / HTTP/1.1" 404 998
0:0:0:0:0:0:0:1 - - [22/May/2017:16:41:24 +0200] "GET /JerseyProjet/rest/hello/text HTTP/1.1" 200 12
0:0:0:0:0:0:0:1 - - [22/May/2017:16:48:50 +0200] "GET /JerseyProjet/rest/hello/13/12/22 HTTP/1.1" 200 60
0:0:0:0:0:0:0:1 - - [22/May/2017:16:49:21 +0200] "GET /JerseyProjet/rest/hello/13/12/22/?myparam1=toto HTTP/1.1" 200 60
0:0:0:0:0:0:0:1 - - [22/May/2017:16:50:02 +0200] "GET /JerseyProjet/rest/hello/13/12/22/?myparam1=toto HTTP/1.1" 200 59
0:0:0:0:0:0:0:1 - - [22/May/2017:16:50:26 +0200] "GET /JerseyProjet/rest/hello/13/12/22/?myparam1=toto HTTP/1.1" 200 57
