127.0.0.1 - - [23/May/2017:09:03:47 +0200] "GET / HTTP/1.1" 404 998
0:0:0:0:0:0:0:1 - - [23/May/2017:09:05:17 +0200] "GET /ProjetJSF/index.jsf HTTP/1.1" 500 3935
127.0.0.1 - - [23/May/2017:09:07:14 +0200] "GET / HTTP/1.1" 404 998
0:0:0:0:0:0:0:1 - - [23/May/2017:09:07:17 +0200] "GET /ProjetJSF/index.jsf HTTP/1.1" 500 3935
127.0.0.1 - - [23/May/2017:09:08:26 +0200] "GET / HTTP/1.1" 404 998
0:0:0:0:0:0:0:1 - - [23/May/2017:09:08:29 +0200] "GET /ProjetJSF/index.jsf HTTP/1.1" 200 239
0:0:0:0:0:0:0:1 - - [23/May/2017:09:15:22 +0200] "GET /ProjetJSF/index.jsf HTTP/1.1" 200 257
127.0.0.1 - - [23/May/2017:09:30:31 +0200] "GET / HTTP/1.1" 404 998
127.0.0.1 - - [23/May/2017:09:30:38 +0200] "GET / HTTP/1.1" 404 998
0:0:0:0:0:0:0:1 - - [23/May/2017:09:30:44 +0200] "GET /ProjetJSF/index.jsf HTTP/1.1" 500 3989
0:0:0:0:0:0:0:1 - - [23/May/2017:09:31:11 +0200] "GET /ProjetJSF/index.jsf HTTP/1.1" 200 665
0:0:0:0:0:0:0:1 - - [23/May/2017:09:31:12 +0200] "POST /ProjetJSF/index.jsf HTTP/1.1" 200 666
0:0:0:0:0:0:0:1 - - [23/May/2017:09:31:14 +0200] "POST /ProjetJSF/index.jsf HTTP/1.1" 200 665
0:0:0:0:0:0:0:1 - - [23/May/2017:09:31:14 +0200] "POST /ProjetJSF/index.jsf HTTP/1.1" 200 665
0:0:0:0:0:0:0:1 - - [23/May/2017:09:31:14 +0200] "POST /ProjetJSF/index.jsf HTTP/1.1" 200 665
0:0:0:0:0:0:0:1 - - [23/May/2017:09:31:22 +0200] "POST /ProjetJSF/index.jsf HTTP/1.1" 200 665
0:0:0:0:0:0:0:1 - - [23/May/2017:09:31:23 +0200] "POST /ProjetJSF/index.jsf HTTP/1.1" 200 665
0:0:0:0:0:0:0:1 - - [23/May/2017:09:31:23 +0200] "POST /ProjetJSF/index.jsf HTTP/1.1" 200 666
0:0:0:0:0:0:0:1 - - [23/May/2017:09:31:23 +0200] "POST /ProjetJSF/index.jsf HTTP/1.1" 200 665
0:0:0:0:0:0:0:1 - - [23/May/2017:09:31:23 +0200] "POST /ProjetJSF/index.jsf HTTP/1.1" 200 666
0:0:0:0:0:0:0:1 - - [23/May/2017:09:31:24 +0200] "POST /ProjetJSF/index.jsf HTTP/1.1" 200 665
0:0:0:0:0:0:0:1 - - [23/May/2017:09:31:24 +0200] "POST /ProjetJSF/index.jsf HTTP/1.1" 200 665
0:0:0:0:0:0:0:1 - - [23/May/2017:09:31:24 +0200] "POST /ProjetJSF/index.jsf HTTP/1.1" 200 666
0:0:0:0:0:0:0:1 - - [23/May/2017:09:31:24 +0200] "POST /ProjetJSF/index.jsf HTTP/1.1" 200 666
127.0.0.1 - - [23/May/2017:09:31:56 +0200] "GET / HTTP/1.1" 404 998
0:0:0:0:0:0:0:1 - - [23/May/2017:09:32:04 +0200] "POST /ProjetJSF/index.jsf HTTP/1.1" 200 666
0:0:0:0:0:0:0:1 - - [23/May/2017:09:32:05 +0200] "POST /ProjetJSF/index.jsf HTTP/1.1" 200 666
127.0.0.1 - - [23/May/2017:09:35:54 +0200] "GET / HTTP/1.1" 404 998
0:0:0:0:0:0:0:1 - - [23/May/2017:09:36:00 +0200] "POST /ProjetJSF/index.jsf HTTP/1.1" 200 665
0:0:0:0:0:0:0:1 - - [23/May/2017:09:36:03 +0200] "POST /ProjetJSF/index.jsf HTTP/1.1" 200 665
0:0:0:0:0:0:0:1 - - [23/May/2017:09:36:16 +0200] "GET /ProjetJSF/userForm.jsf HTTP/1.1" 500 3947
127.0.0.1 - - [23/May/2017:09:37:50 +0200] "GET / HTTP/1.1" 404 998
0:0:0:0:0:0:0:1 - - [23/May/2017:09:37:55 +0200] "GET /ProjetJSF/userForm.jsf HTTP/1.1" 200 721
0:0:0:0:0:0:0:1 - - [23/May/2017:09:38:27 +0200] "POST /ProjetJSF/userForm.jsf HTTP/1.1" 200 667
0:0:0:0:0:0:0:1 - - [23/May/2017:09:38:32 +0200] "POST /ProjetJSF/index.jsf HTTP/1.1" 200 667
0:0:0:0:0:0:0:1 - - [23/May/2017:09:38:34 +0200] "POST /ProjetJSF/index.jsf HTTP/1.1" 200 668
0:0:0:0:0:0:0:1 - - [23/May/2017:09:38:34 +0200] "POST /ProjetJSF/index.jsf HTTP/1.1" 200 667
0:0:0:0:0:0:0:1 - - [23/May/2017:09:40:16 +0200] "POST /ProjetJSF/index.jsf HTTP/1.1" 200 668
0:0:0:0:0:0:0:1 - - [23/May/2017:09:40:17 +0200] "POST /ProjetJSF/index.jsf HTTP/1.1" 200 667
0:0:0:0:0:0:0:1 - - [23/May/2017:09:40:19 +0200] "POST /ProjetJSF/index.jsf HTTP/1.1" 200 667
0:0:0:0:0:0:0:1 - - [23/May/2017:09:40:19 +0200] "POST /ProjetJSF/index.jsf HTTP/1.1" 200 668
0:0:0:0:0:0:0:1 - - [23/May/2017:09:43:07 +0200] "POST /ProjetJSF/index.jsf HTTP/1.1" 200 663
0:0:0:0:0:0:0:1 - - [23/May/2017:09:43:08 +0200] "POST /ProjetJSF/index.jsf HTTP/1.1" 200 664
0:0:0:0:0:0:0:1 - - [23/May/2017:09:43:09 +0200] "POST /ProjetJSF/index.jsf HTTP/1.1" 200 663
0:0:0:0:0:0:0:1 - - [23/May/2017:09:43:09 +0200] "POST /ProjetJSF/index.jsf HTTP/1.1" 200 663
0:0:0:0:0:0:0:1 - - [23/May/2017:09:43:09 +0200] "POST /ProjetJSF/index.jsf HTTP/1.1" 200 664
0:0:0:0:0:0:0:1 - - [23/May/2017:09:43:09 +0200] "POST /ProjetJSF/index.jsf HTTP/1.1" 200 662
0:0:0:0:0:0:0:1 - - [23/May/2017:09:43:10 +0200] "POST /ProjetJSF/index.jsf HTTP/1.1" 200 663
0:0:0:0:0:0:0:1 - - [23/May/2017:09:43:10 +0200] "POST /ProjetJSF/index.jsf HTTP/1.1" 200 664
0:0:0:0:0:0:0:1 - - [23/May/2017:09:44:20 +0200] "POST /ProjetJSF/index.jsf HTTP/1.1" 200 227
0:0:0:0:0:0:0:1 - - [23/May/2017:09:44:24 +0200] "POST /ProjetJSF/index.jsf HTTP/1.1" 200 227
127.0.0.1 - - [23/May/2017:09:44:37 +0200] "GET / HTTP/1.1" 404 998
0:0:0:0:0:0:0:1 - - [23/May/2017:09:44:45 +0200] "POST /ProjetJSF/index.jsf HTTP/1.1" 200 227
0:0:0:0:0:0:0:1 - - [23/May/2017:09:45:05 +0200] "GET /ProjetJSF/index.html HTTP/1.1" 404 1018
0:0:0:0:0:0:0:1 - - [23/May/2017:09:45:10 +0200] "GET /ProjetJSF/index.jsf HTTP/1.1" 200 663
0:0:0:0:0:0:0:1 - - [23/May/2017:09:45:12 +0200] "POST /ProjetJSF/index.jsf HTTP/1.1" 200 227
0:0:0:0:0:0:0:1 - - [23/May/2017:09:45:14 +0200] "GET /ProjetJSF/index.jsf HTTP/1.1" 200 661
0:0:0:0:0:0:0:1 - - [23/May/2017:10:36:00 +0200] "GET /ProjetJSF/index.jsf HTTP/1.1" 200 663
0:0:0:0:0:0:0:1 - - [23/May/2017:10:36:08 +0200] "GET /ProjetJSF/checkName.jsf HTTP/1.1" 500 3471
0:0:0:0:0:0:0:1 - - [23/May/2017:10:37:54 +0200] "GET /ProjetJSF/checkName.jsf HTTP/1.1" 500 3919
0:0:0:0:0:0:0:1 - - [23/May/2017:10:56:01 +0200] "GET /ProjetJSF/listUser.jsf HTTP/1.1" 404 1012
0:0:0:0:0:0:0:1 - - [23/May/2017:10:56:16 +0200] "GET /ProjetJSF/ListUser.jsf HTTP/1.1" 500 3986
0:0:0:0:0:0:0:1 - - [23/May/2017:10:56:49 +0200] "GET /ProjetJSF/ListUser.jsf HTTP/1.1" 500 3836
127.0.0.1 - - [23/May/2017:11:02:59 +0200] "GET / HTTP/1.1" 404 998
0:0:0:0:0:0:0:1 - - [23/May/2017:11:03:02 +0200] "GET /ProjetJSF/ListUser.jsf HTTP/1.1" 500 3836
0:0:0:0:0:0:0:1 - - [23/May/2017:11:03:05 +0200] "GET /ProjetJSF/ListUser.jsf HTTP/1.1" 500 3836
0:0:0:0:0:0:0:1 - - [23/May/2017:11:04:02 +0200] "GET /ProjetJSF/ListUser.jsf HTTP/1.1" 500 3836
0:0:0:0:0:0:0:1 - - [23/May/2017:11:05:07 +0200] "GET /ProjetJSF/ListUser.jsf HTTP/1.1" 500 3836
0:0:0:0:0:0:0:1 - - [23/May/2017:11:08:37 +0200] "GET /ProjetJSF/ListUser.jsf HTTP/1.1" 500 3836
127.0.0.1 - - [23/May/2017:11:08:47 +0200] "GET / HTTP/1.1" 404 998
0:0:0:0:0:0:0:1 - - [23/May/2017:11:08:51 +0200] "GET /ProjetJSF/ListUser.jsf HTTP/1.1" 500 3836
127.0.0.1 - - [23/May/2017:11:10:18 +0200] "GET / HTTP/1.1" 404 998
0:0:0:0:0:0:0:1 - - [23/May/2017:11:10:26 +0200] "GET /ProjetJSF/ListUser.jsf HTTP/1.1" 500 3836
0:0:0:0:0:0:0:1 - - [23/May/2017:11:10:45 +0200] "GET /ProjetJSF/ListUser.jsf HTTP/1.1" 500 3836
0:0:0:0:0:0:0:1 - - [23/May/2017:11:10:45 +0200] "GET /favicon.ico HTTP/1.1" 404 1009
0:0:0:0:0:0:0:1 - - [23/May/2017:11:12:49 +0200] "GET /ProjetJSF/ListUser.jsf HTTP/1.1" 500 3836
127.0.0.1 - - [23/May/2017:11:13:53 +0200] "GET / HTTP/1.1" 404 998
0:0:0:0:0:0:0:1 - - [23/May/2017:11:13:55 +0200] "GET /ProjetJSF/ListUser.jsf HTTP/1.1" 500 3836
127.0.0.1 - - [23/May/2017:11:14:34 +0200] "GET / HTTP/1.1" 404 998
0:0:0:0:0:0:0:1 - - [23/May/2017:11:14:42 +0200] "GET /ProjetJSF/ListUser.jsf HTTP/1.1" 500 3836
127.0.0.1 - - [23/May/2017:11:16:36 +0200] "GET / HTTP/1.1" 404 998
0:0:0:0:0:0:0:1 - - [23/May/2017:11:17:04 +0200] "GET /ProjetJSF/ListUser.jsf HTTP/1.1" 200 1174
0:0:0:0:0:0:0:1 - - [23/May/2017:11:24:29 +0200] "GET /ProjetJSF/ListUser.jsf HTTP/1.1" 200 1265
0:0:0:0:0:0:0:1 - - [23/May/2017:11:31:43 +0200] "GET /ProjetJSF/appelAjax.jsf HTTP/1.1" 404 1013
127.0.0.1 - - [23/May/2017:11:31:59 +0200] "GET / HTTP/1.1" 404 998
0:0:0:0:0:0:0:1 - - [23/May/2017:11:32:07 +0200] "GET /ProjetJSF/appelAjax.jsf HTTP/1.1" 404 1013
0:0:0:0:0:0:0:1 - - [23/May/2017:11:32:43 +0200] "GET /ProjetJSF/appelAjax.jsf HTTP/1.1" 404 1013
127.0.0.1 - - [23/May/2017:11:32:56 +0200] "GET / HTTP/1.1" 404 998
0:0:0:0:0:0:0:1 - - [23/May/2017:11:32:57 +0200] "GET /ProjetJSF/appelAjax.jsf HTTP/1.1" 404 1013
0:0:0:0:0:0:0:1 - - [23/May/2017:11:33:34 +0200] "GET /ProjetJSF/checkName.jsf HTTP/1.1" 200 745
0:0:0:0:0:0:0:1 - - [23/May/2017:11:33:45 +0200] "GET /ProjetJSF/appelAJAX.jsf HTTP/1.1" 500 3247
0:0:0:0:0:0:0:1 - - [23/May/2017:11:36:12 +0200] "GET /ProjetJSF/appelAJAX.jsf HTTP/1.1" 500 3247
0:0:0:0:0:0:0:1 - - [23/May/2017:11:36:13 +0200] "GET /ProjetJSF/appelAJAX.jsf HTTP/1.1" 500 3247
0:0:0:0:0:0:0:1 - - [23/May/2017:11:51:43 +0200] "GET /ProjetJSF/appelAJAX.jsf HTTP/1.1" 500 3962
0:0:0:0:0:0:0:1 - - [23/May/2017:11:51:57 +0200] "GET /ProjetJSF/appelAJAX.jsf HTTP/1.1" 500 3962
0:0:0:0:0:0:0:1 - - [23/May/2017:11:52:40 +0200] "GET /ProjetJSF/appelAJAX.jsf HTTP/1.1" 500 3247
0:0:0:0:0:0:0:1 - - [23/May/2017:11:54:19 +0200] "GET /ProjetJSF/appelAJAX.jsf HTTP/1.1" 500 3247
0:0:0:0:0:0:0:1 - - [23/May/2017:11:54:21 +0200] "GET /ProjetJSF/appelAJAX.jsf HTTP/1.1" 500 3247
127.0.0.1 - - [23/May/2017:11:55:21 +0200] "GET / HTTP/1.1" 404 998
0:0:0:0:0:0:0:1 - - [23/May/2017:11:55:39 +0200] "GET /ProjetJSF/appelAJAX.jsf HTTP/1.1" 500 3247
0:0:0:0:0:0:0:1 - - [23/May/2017:11:59:27 +0200] "GET /ProjetJSF/appelAJAX.jsf HTTP/1.1" 500 3552
0:0:0:0:0:0:0:1 - - [23/May/2017:11:59:47 +0200] "GET /ProjetJSF/appelAJAX.jsf HTTP/1.1" 500 3552
0:0:0:0:0:0:0:1 - - [23/May/2017:12:00:15 +0200] "GET /ProjetJSF/appelAJAX.jsf HTTP/1.1" 200 807
0:0:0:0:0:0:0:1 - - [23/May/2017:12:01:08 +0200] "GET /ProjetJSF/appelAJAX.jsf HTTP/1.1" 200 812
